// Jest Snapshot v1, https://goo.gl/fbAQLP

exports[`renders the UI as expected 1`] = `
Array [
  <h3
    className="event-item"
  />,
  <span>
    Posted: 
    
  </span>,
]
`;
