// Jest Snapshot v1, https://goo.gl/fbAQLP

exports[`renders the UI as expected 1`] = `
Array [
  <nav
    className="navbar"
    role="navigation"
  >
    <ul
      className="navbar-list"
    >
      <li>
        <a
          href="/"
          onClick={[Function]}
        >
          Home
        </a>
      </li>
      <li>
        <a
          href="/register"
          onClick={[Function]}
        >
          Register
        </a>
      </li>
      <li>
        <a
          href="/login"
          onClick={[Function]}
        >
          Log in
        </a>
      </li>
    </ul>
  </nav>,
  <header
    role="banner"
  >
    <h1>
      Baby Book!
    </h1>
    <h2>
      Welcome Back!
    </h2>
  </header>,
  <section>
    <h3>
      Recent Feedings
    </h3>
    <ul />
  </section>,
  <section>
    <h3>
      Recent Diaper Changes
    </h3>
    <ul />
  </section>,
  <section>
    <h3>
      Recent Stretches
    </h3>
    <ul />
  </section>,
  <section>
    <h3>
      Upcoming Appointments
    </h3>
    <ul />
  </section>,
]
`;
